// Jest Snapshot v1, https://goo.gl/fbAQLP

exports[`View for EditInfo should match snapshot 1`] = `
Object {
  "asFragment": [Function],
  "baseElement": <body>
    <div>
      <form
        action="url"
        class="form"
      >
        <input
          class="input"
          name="name"
          placeholder="Title"
          required=""
          type="text"
          value=""
        />
        <input
          autocomplete="off"
          class="input"
          name="thumbnail"
          placeholder="Img URL"
          type="text"
          value=""
        />
        <input
          autocomplete="off"
          class="input"
          name="directorName"
          placeholder="Director"
          type="text"
          value=""
        />
        <div
          class="form__textarea-wrepper"
        >
          <p>
            Description
          </p>
          <textarea
            class="textarea"
            cols="43"
            id="txt"
            name="description"
            rows="10"
          />
        </div>
        <div
          class="form__button_wrapper"
        >
          <button
            class="button button__main"
            type="submit"
          >
            <div
              class="inner"
            >
              Submit
            </div>
          </button>
          <button
            class="button button__secondary"
            type="button"
          >
            <div
              class="inner"
            >
              Go back
            </div>
          </button>
        </div>
      </form>
    </div>
  </body>,
  "container": <div>
    <form
      action="url"
      class="form"
    >
      <input
        class="input"
        name="name"
        placeholder="Title"
        required=""
        type="text"
        value=""
      />
      <input
        autocomplete="off"
        class="input"
        name="thumbnail"
        placeholder="Img URL"
        type="text"
        value=""
      />
      <input
        autocomplete="off"
        class="input"
        name="directorName"
        placeholder="Director"
        type="text"
        value=""
      />
      <div
        class="form__textarea-wrepper"
      >
        <p>
          Description
        </p>
        <textarea
          class="textarea"
          cols="43"
          id="txt"
          name="description"
          rows="10"
        />
      </div>
      <div
        class="form__button_wrapper"
      >
        <button
          class="button button__main"
          type="submit"
        >
          <div
            class="inner"
          >
            Submit
          </div>
        </button>
        <button
          class="button button__secondary"
          type="button"
        >
          <div
            class="inner"
          >
            Go back
          </div>
        </button>
      </div>
    </form>
  </div>,
  "debug": [Function],
  "findAllByAltText": [Function],
  "findAllByDisplayValue": [Function],
  "findAllByLabelText": [Function],
  "findAllByPlaceholderText": [Function],
  "findAllByRole": [Function],
  "findAllByTestId": [Function],
  "findAllByText": [Function],
  "findAllByTitle": [Function],
  "findByAltText": [Function],
  "findByDisplayValue": [Function],
  "findByLabelText": [Function],
  "findByPlaceholderText": [Function],
  "findByRole": [Function],
  "findByTestId": [Function],
  "findByText": [Function],
  "findByTitle": [Function],
  "getAllByAltText": [Function],
  "getAllByDisplayValue": [Function],
  "getAllByLabelText": [Function],
  "getAllByPlaceholderText": [Function],
  "getAllByRole": [Function],
  "getAllByTestId": [Function],
  "getAllByText": [Function],
  "getAllByTitle": [Function],
  "getByAltText": [Function],
  "getByDisplayValue": [Function],
  "getByLabelText": [Function],
  "getByPlaceholderText": [Function],
  "getByRole": [Function],
  "getByTestId": [Function],
  "getByText": [Function],
  "getByTitle": [Function],
  "queryAllByAltText": [Function],
  "queryAllByDisplayValue": [Function],
  "queryAllByLabelText": [Function],
  "queryAllByPlaceholderText": [Function],
  "queryAllByRole": [Function],
  "queryAllByTestId": [Function],
  "queryAllByText": [Function],
  "queryAllByTitle": [Function],
  "queryByAltText": [Function],
  "queryByDisplayValue": [Function],
  "queryByLabelText": [Function],
  "queryByPlaceholderText": [Function],
  "queryByRole": [Function],
  "queryByTestId": [Function],
  "queryByText": [Function],
  "queryByTitle": [Function],
  "rerender": [Function],
  "unmount": [Function],
}
`;
